C:\labs\dotnet\lab5\tests\lab5-ionic\out-tsc\e2e\app.po.js
C:\labs\dotnet\lab5\tests\lab5-ionic\out-tsc\e2e\app.po.js.map
C:\labs\dotnet\lab5\tests\lab5-ionic\out-tsc\e2e\app.e2e-spec.js
C:\labs\dotnet\lab5\tests\lab5-ionic\out-tsc\e2e\app.e2e-spec.js.map
